ethernetif.c:88:7:ETH_PTPSubSecond2NanoSecond	24	static
ethernetif.c:95:7:ETH_PTPNanoSecond2SubSecond	32	static
ethernetif.c:102:6:ETH_PTPTime_GetTime	16	static
ethernetif.c:112:6:HAL_ETH_MspInit	64	static
ethernetif.c:182:6:HAL_ETH_MspDeInit	16	static
ethernetif.c:226:6:HAL_ETH_RxCpltCallback	16	static
ethernetif.c:245:13:low_level_init	80	static
ethernetif.c:368:14:low_level_output	48	static
ethernetif.c:475:21:low_level_input	56	static
ethernetif.c:579:6:ethernetif_input	24	static
ethernetif.c:604:7:raw_sendto	40	static
ethernetif.c:681:7:ethernetif_init	16	static
ethernetif.c:728:7:sys_jiffies	8	static
ethernetif.c:739:7:sys_now	8	static
ethernetif.c:751:6:ethernetif_set_link	24	static
ethernetif.c:792:6:ethernetif_update_config	24	static
ethernetif.c:882:13:ethernetif_notify_conn_changed	16	static
