ethernetif.c:85:7:ETH_PTPSubSecond2NanoSecond	24	static
ethernetif.c:93:7:ETH_PTPNanoSecond2SubSecond	32	static
ethernetif.c:101:6:ETH_PTPTime_GetTime	16	static
ethernetif.c:110:6:HAL_ETH_MspInit	64	static
ethernetif.c:178:6:HAL_ETH_MspDeInit	16	static
ethernetif.c:221:6:HAL_ETH_RxCpltCallback	16	static
ethernetif.c:240:13:low_level_init	80	static
ethernetif.c:361:14:low_level_output	56	static
ethernetif.c:470:22:low_level_input	56	static
ethernetif.c:577:6:ethernetif_input	24	static
ethernetif.c:601:7:raw_sendto	40	static
ethernetif.c:675:7:ethernetif_init	16	static
ethernetif.c:722:7:sys_jiffies	8	static
ethernetif.c:733:7:sys_now	8	static
ethernetif.c:861:13:ETH_PTPStart	16	static
ethernetif.c:913:6:ETH_PTPTime_AdjFreq	40	static
ethernetif.c:948:6:ETH_PTPTime_UpdateOffset	40	static
ethernetif.c:1001:6:ETH_PTPTime_SetTime	32	static
